-- The C compiler identification is GNU 15.3.0
-- The CXX compiler identification is GNU 15.3.0
-- Detecting C compiler ABI info
-- Detecting C compiler ABI info - done
-- Check for working C compiler: /usr/bin/cc - skipped
-- Detecting C compile features
-- Detecting C compile features - done
-- Detecting CXX compiler ABI info
-- Detecting CXX compiler ABI info - done
-- Check for working CXX compiler: /usr/bin/c++ - skipped
-- Detecting CXX compile features
-- Detecting CXX compile features - done
-- Building in Release mode
-- BUILD_UNITTESTS:    OFF
-- BUILD_EXAMPLES:     ON
-- BUILD_BENCHMARKS:   OFF
-- BUILD_EXTRAS:       OFF
-- BUILD_STATIC:       OFF
-- BUILD_SHARED:       ON
-- GIT_SUBMOD_AUTO:    ON
-- WITH_BE2:           OFF
-- WITH_BE4:           OFF
-- WITH_NTL:           OFF
-- WITH_TCM:           OFF
-- WITH_OPENMP:        OFF
-- NATIVE_SIZE:        64
-- CKKS_M_FACTOR:      1
-- WITH_NATIVEOPT:     OFF
-- WITH_COVTEST:       OFF
-- WITH_NOISE_DEBUG:   OFF
-- WITH_REDUCED_NOISE: OFF
-- USE_MACPORTS:       OFF
-- BUILTIN_INFO_AVAILABLE is defined
***** INSTALL IS AT <REPO>/.local/openfhe; to change, run cmake with -DCMAKE_INSTALL_PREFIX=/your/path
-- Architecture is aarch64
-- Looking for sys/types.h
-- Looking for sys/types.h - found
-- Looking for stdint.h
-- Looking for stdint.h - found
-- Looking for stddef.h
-- Looking for stddef.h - found
-- Check size of __int128
-- Check size of __int128 - done
-- Check size of uint64_t
-- Check size of uint64_t - done
-- NATIVEINT is set to 64
-- MATHBACKEND is set to 4
-- MATHBACKEND set to 4. Setting WITH_BE4 to ON
-- Performing Test CMAKE_HAVE_LIBC_PTHREAD
-- Performing Test CMAKE_HAVE_LIBC_PTHREAD - Success
-- Found Threads: TRUE
-- Found Git: /usr/bin/git (found version "2.53.0")
-- Submodule update
Synchronizing submodule url for 'third-party/cereal'
Synchronizing submodule url for 'third-party/google-benchmark'
Synchronizing submodule url for 'third-party/google-test'
Synchronizing submodule url for 'third-party/gperftools'
Skipping parallel because WITH_OPENMP=OFF
-- Configuring done (0.4s)
-- Generating done (0.0s)
-- Build files have been written to: <REPO>/build/openfhe
